        0H romvecs         @VECTORS       
      100H resetjmp        @MAIN          
      106H PRIORITY        @MAIN          
      3F6H NON_PRIO        @MAIN          
      6E8H LEVEL2          @MAIN          
      7B8H REALTIME        @MAIN          
      AE4H LEVEL4          @MAIN          
      C3EH LEVEL5          @MAIN          
      C7EH LEVEL6          @MAIN          
      DDEH VINITMAI        @MAIN          
     1060H VINITSUB        @MAIN          
     164AH ASSIGN          @MAIN          
     1C2CH PRO_CLIC        @MAIN          
     28EEH SEQSUBS         @MAIN          
     322CH PERF_MID        @MAIN          
     3E54H SEQ_MIDI        @MAIN          
     46FAH AUTO_MID        @MAIN          
     4C6EH PRO_PADS        @MAIN          
     501AH pro_tc          @MAIN          
     54A2H pro_tcm         @MAIN          
     5760H backgrou        @MAIN          
     650CH SAMSUBS         @MAIN          
     68D2H TRANSPOR        @MAIN          
     7900H branches        @MAIN          
     7930H SEQCHASE        @MAIN          
     7D92H switchbo        @MAIN          
     8222H FOOTSWBO        @MAIN          
     8402H FOOTPADS        @MAIN          
     8746H TRIGRBOY        @MAIN          
     8926H SNDFUNS1        @MAIN          
     9C80H SNDFUNS2        @MAIN          
     B40EH SNDFUNS3        @MAIN          
     BF7CH SEQFUNS1        @MAIN          
     C8DCH seqfuns2        @MAIN          
     DB80H SEQFUNS3        @MAIN          
     F280H seqfuns4        @MAIN          
    10DF2H SONGFUNS        @MAIN          
    117D6H SYSEXCL         @MAIN          
    12100H SYSFUNS1        @MAIN          
    12D56H sysfuns2        @MAIN          
    1412CH sysfuns3        @MAIN          
    14A58H sysfuns4        @MAIN          
    14ED6H SAMPLING        @MAIN          
    15992H KT_ALT_A        @MAIN          
    15B10H MISCSUBS        @MAIN          
    15BDEH TEMPO           @MAIN          
    162FCH reset_44        @MAIN          
    1682CH lcd             @MAIN          
    16CA8H GUIDO           @MAIN          
    16F56H FIELDS          @MAIN          
    176F0H BLOOZE          @MAIN          
    18628H DISKLOW1        @MAIN          
    18894H DISKLOW2        @MAIN          
    18BA4H DISKLOW3        @MAIN          
    18DF6H DISKCMD1        @MAIN          
    19836H DISKCMD2        @MAIN          
    1A798H diskmain        @MAIN          
    1B202H gnrcscsi        @MAIN          
    1B7D6H scsicmds        @MAIN          
    1C3DCH TABLES          @MAIN          
    1CADCH PHASES          @MAIN          
    1D616H TUNE_TAB        @MAIN          
    1DB3EH romvecs         @MAIN          
    1DE52H DIAG440         @MAIN          
    1EBC4H SOFTDIAG        @MAIN          
    1EFBEH copypro         @MAIN          
    1F032H CODECAPP        @MAIN          
 FFF80000H ram_440         @LONGRAM       
 FFFF3626H LRAMCAPP        @LONGRAM       
 FFFF8000H ram_440         @SHORTRAM      
 FFFFED96H SRAMCAPP        @SHORTRAM      
